error: argument should be `&PanicInfo`
  --> $DIR/panic-handler-bad-signature-2.rs:11:11
   |
LL |     info: &'static PanicInfo, //~ ERROR argument should be `&PanicInfo`
   |           ^^^^^^^^^^^^^^^^^^

error: aborting due to previous error

